 -10 f02631731f744344859a5b7222d815d6 Wed 2014-10-01 21:12:23 CEST—Sun 2014-10-05 20:36:49 CEST
  -9 c89b2b67d5724a3d99bc23dbfb2d0881 Sun 2014-10-05 21:12:23 CEST—Tue 2014-10-14 20:36:49 CEST
  -8 114cf1cb4232492fa7ac7af4b5de17ce Tue 2014-10-14 20:39:33 CEST—Wed 2014-10-29 19:45:53 CET
  -7 f416bdfe857440bd999734c82c851d28 Wed 2014-10-29 19:47:11 CET—Fri 2014-10-31 07:28:15 CET
  -6 32b9544f82a640879955630fe7810922 Wed 2014-11-19 11:39:53 CET—Sat 2014-11-22 12:37:07 CET
  -5 13a9100a19a640c8878b6487587c2079 Sat 2014-11-22 12:38:19 CET—Sun 2014-11-23 08:51:30 CET
  -4 334317f877514e93b7e8b27a6517361a Sun 2014-11-23 09:06:53 CET—Mon 2014-11-24 08:11:31 CET
  -3 0dc4f86993a943d9bb862835c2b3dc36 Mon 2014-11-24 08:21:46 CET—Fri 2014-12-05 17:08:09 CET
  -2 d18711cf465d46729f5c5bd6bf44ce05 Fri 2014-12-05 17:09:10 CET—Sun 2014-12-14 16:41:53 CET
  -1 a07ac085b07d43d99b09ee9d146af240 Sun 2014-12-14 16:50:09 CET—Mon 2015-01-26 19:18:43 CET
   0 24a9a89c43d34f859399f7994a233ecf Mon 2015-01-26 19:55:33 CET—Mon 2015-01-26 20:05:16 CET
