   0 24a9a89c43d34f859399f7994a233ecf Mon 2015-01-26 19:55:33 CETâ€”Mon 2015-01-26 20:05:16 CET
